2026-09-11 15:14:43,319 INFO 자동매매 프로그램 시작
2026-09-11 15:14:51,927 ERROR 모의 모드인데 실전 서버에 접속했습니다. 주문을 중지합니다.
2026-09-11 15:14:51,927 INFO 계좌 선택: 4603377211
2026-09-11 15:14:53,050 INFO 조건식 선택: sto 9시반(1)
2026-09-11 15:14:54,045 INFO RSI 웜업 시작: 마이크로컨텍솔
2026-09-11 15:14:55,000 INFO 초기 데이터 웜업 완료: 마이크로컨텍솔 (틱 1200건 -> 40캔들 학습)
2026-09-11 15:14:55,124 INFO RSI 웜업 시작: 금호전기
2026-09-11 15:14:56,172 INFO 초기 데이터 웜업 완료: 금호전기 (틱 1200건 -> 40캔들 학습)
2026-09-11 15:14:56,172 INFO RSI 웜업 시작: 페니트리움바이오
2026-09-11 15:14:57,169 INFO 초기 데이터 웜업 완료: 페니트리움바이오 (틱 1200건 -> 40캔들 학습)
2026-09-11 15:14:58,058 INFO 실시간 등록: 3종목
2026-09-11 15:14:58,311 INFO 틱 수신 시작: 금호전기
2026-09-11 15:14:58,500 INFO 틱 수신 시작: 마이크로컨텍솔
2026-09-11 15:14:59,310 INFO 틱 수신 시작: 페니트리움바이오
2026-09-11 15:15:00,653 INFO 실시간 등록 해제: 감시 종목 없음
2026-09-11 15:15:19,960 INFO 전략 변경: adaptive -> donchian_breakout
2026-09-11 15:15:19,960 INFO 전략 적용 완료: donchian_breakout (DonchianBreakoutStrategy)
2026-09-11 15:15:25,954 INFO 전략 적용 완료: donchian_breakout (DonchianBreakoutStrategy)
2026-09-11 15:15:25,955 INFO 캔들 기준 변경: 20틱봉 (기타 전략 설정 유지)
2026-09-11 15:15:31,812 INFO 조건식 목록 재수신 완료
2026-09-11 15:15:38,002 INFO RSI 웜업 시작: 페니트리움바이오
2026-09-11 15:15:38,081 INFO 틱 수신 시작: 페니트리움바이오
2026-09-11 15:15:38,099 INFO 초기 데이터 웜업 완료: 페니트리움바이오 (틱 1200건 -> 60캔들 학습)
2026-09-11 15:15:38,479 INFO 실시간 등록: 1종목
2026-09-11 15:16:01,400 INFO 실시간 등록 해제: 감시 종목 없음
2026-09-11 15:16:22,130 INFO RSI 웜업 시작: KODEX 200선물인버스2X
2026-09-11 15:16:23,049 INFO 초기 데이터 웜업 완료: KODEX 200선물인버스2X (틱 1200건 -> 60캔들 학습)
2026-09-11 15:16:23,049 INFO 실시간 등록: 1종목
2026-09-11 15:16:24,108 INFO 실시간 등록 해제: 감시 종목 없음
2026-09-11 15:16:25,118 INFO 실시간 등록: 1종목
2026-09-11 15:16:27,114 INFO 틱 수신 시작: KODEX 200선물인버스2X
2026-09-11 15:16:27,528 INFO 실시간 등록 해제: 감시 종목 없음
2026-09-11 15:16:28,542 INFO 실시간 등록: 1종목
2026-09-11 15:16:30,714 INFO 틱 수신 시작: KODEX 200선물인버스2X
2026-09-11 15:16:31,336 INFO 실시간 등록 해제: 감시 종목 없음
2026-09-11 15:16:32,414 INFO 실시간 등록: 1종목
2026-09-11 15:16:32,700 INFO 틱 수신 시작: KODEX 200선물인버스2X
2026-09-11 15:16:33,431 INFO 실시간 등록 해제: 감시 종목 없음
2026-09-11 15:16:33,605 INFO 틱 수신 시작: KODEX 200선물인버스2X
2026-09-11 15:16:34,444 INFO 실시간 등록 해제: 감시 종목 없음
2026-09-11 15:16:37,230 INFO 실시간 등록: 1종목
2026-09-11 15:16:37,801 INFO 틱 수신 시작: KODEX 200선물인버스2X
2026-09-11 15:16:38,247 INFO 실시간 등록: 2종목
2026-09-11 15:16:38,708 INFO 틱 수신 시작: 페니트리움바이오
2026-09-11 15:16:39,264 INFO 실시간 등록: 1종목
2026-09-11 15:16:39,406 INFO 틱 수신 시작: KODEX 200선물인버스2X
2026-09-11 15:16:39,962 INFO RSI 웜업 시작: 마이크로컨텍솔
2026-09-11 15:16:40,059 INFO 초기 데이터 웜업 완료: 마이크로컨텍솔 (틱 1200건 -> 60캔들 학습)
2026-09-11 15:16:40,310 INFO 실시간 등록: 3종목
2026-09-11 15:16:40,614 INFO 틱 수신 시작: 마이크로컨텍솔
2026-09-11 15:16:42,715 INFO 실시간 등록: 2종목
2026-09-11 15:16:45,442 INFO 실시간 등록: 3종목
2026-09-11 15:16:45,714 INFO 틱 수신 시작: KODEX 200선물인버스2X
2026-09-11 15:17:00,533 INFO 실시간 등록: 2종목
2026-09-11 15:17:01,547 INFO 실시간 등록: 1종목
2026-09-11 15:17:08,293 INFO 실시간 등록 해제: 감시 종목 없음
2026-09-11 15:17:11,986 INFO 실시간 등록: 1종목
2026-09-11 15:17:12,208 INFO 틱 수신 시작: KODEX 200선물인버스2X
2026-09-11 15:17:13,004 INFO 실시간 등록 해제: 감시 종목 없음
2026-09-11 15:17:14,147 INFO 실시간 등록: 1종목
2026-09-11 15:17:14,306 INFO 틱 수신 시작: KODEX 200선물인버스2X
2026-09-11 15:17:15,165 INFO 실시간 등록 해제: 감시 종목 없음
2026-09-11 15:17:16,307 INFO 실시간 등록: 1종목
2026-09-11 15:17:16,511 INFO 틱 수신 시작: KODEX 200선물인버스2X
2026-09-11 15:17:17,445 INFO 실시간 등록 해제: 감시 종목 없음
2026-09-11 15:17:24,441 INFO 실시간 등록: 1종목
2026-09-11 15:17:24,710 INFO 틱 수신 시작: KODEX 200선물인버스2X
2026-09-11 15:17:28,255 INFO 실시간 등록 해제: 감시 종목 없음
2026-09-11 15:17:29,288 INFO 실시간 등록 해제: 감시 종목 없음
2026-09-11 15:17:32,021 INFO 실시간 등록: 1종목
2026-09-11 15:17:33,038 INFO 실시간 등록 해제: 감시 종목 없음
2026-09-11 15:17:34,058 INFO 실시간 등록: 1종목
2026-09-11 15:17:35,076 INFO 실시간 등록 해제: 감시 종목 없음
2026-09-11 15:17:42,340 INFO 실시간 등록: 1종목
2026-09-11 15:17:43,006 INFO 틱 수신 시작: KODEX 200선물인버스2X
2026-09-11 15:17:43,959 INFO 실시간 등록 해제: 감시 종목 없음
2026-09-11 15:17:45,051 INFO 실시간 등록: 1종목
2026-09-11 15:17:46,712 INFO 틱 수신 시작: KODEX 200선물인버스2X
2026-09-11 15:17:55,335 INFO RSI 웜업 시작: 금호전기
2026-09-11 15:17:55,433 INFO 초기 데이터 웜업 완료: 금호전기 (틱 1200건 -> 60캔들 학습)
2026-09-11 15:17:55,463 INFO 실시간 등록: 2종목
2026-09-11 15:17:55,811 INFO 틱 수신 시작: 금호전기
2026-09-11 15:18:00,794 INFO 실시간 등록 해제: 감시 종목 없음
2026-09-11 15:18:09,647 INFO 실시간 등록: 1종목
2026-09-11 15:18:09,806 INFO 틱 수신 시작: 금호전기
2026-09-11 15:18:26,455 INFO RSI 웜업 시작: 샘표
2026-09-11 15:18:26,553 INFO 초기 데이터 웜업 완료: 샘표 (틱 1200건 -> 60캔들 학습)
2026-09-11 15:18:27,471 INFO 실시간 등록: 2종목
2026-09-11 15:18:27,503 INFO 틱 수신 시작: 샘표
2026-09-11 15:18:47,158 INFO 실시간 등록: 3종목
2026-09-11 15:18:47,411 INFO 틱 수신 시작: 페니트리움바이오
2026-09-11 15:19:00,728 INFO 실시간 등록: 1종목
2026-09-11 15:19:01,804 INFO 실시간 등록 해제: 감시 종목 없음
2026-09-11 15:19:02,942 INFO 실시간 등록: 1종목
2026-09-11 15:19:05,705 INFO 틱 수신 시작: KODEX 200선물인버스2X
2026-09-11 15:19:34,791 INFO 실시간 등록: 2종목
2026-09-11 15:19:35,204 INFO 틱 수신 시작: 페니트리움바이오
2026-09-11 15:21:00,657 INFO 실시간 등록: 1종목
2026-09-11 15:21:58,560 INFO 실시간 등록 해제: 감시 종목 없음
